[2026-01-11T23:26:10.798Z] 📡 Emitting sync_start to 1 clients. Name: thieves_alley
[2026-01-11T23:26:20.296Z] ✅ Sync Complete
[2026-01-11T23:27:00.871Z] 📡 Emitting sync_start to 1 clients. Name: thieves_alley
[2026-01-11T23:27:10.414Z] ✅ Sync Complete
[2026-01-11T23:36:50.785Z] 📡 Emitting sync_start to 1 clients. Name: thieves_alley
[2026-01-11T23:37:01.629Z] ✅ Sync Complete
[2026-01-11T23:39:23.864Z] 📡 Emitting sync_start to 1 clients. Name: thieves_alley
[2026-01-11T23:39:35.088Z] ✅ Sync Complete
[2026-01-11T23:39:52.125Z] 📡 Emitting sync_start to 1 clients. Name: thieves_alley
[2026-01-11T23:40:03.235Z] ✅ Sync Complete
[2026-01-11T23:41:10.322Z] 📡 Emitting sync_start to 1 clients. Name: thieves_alley
[2026-01-11T23:41:21.517Z] ✅ Sync Complete
[2026-01-11T23:44:34.123Z] 📡 Emitting sync_start to 1 clients. Name: thieves_alley
[2026-01-11T23:44:45.362Z] ✅ Sync Complete
[2026-01-11T23:51:44.920Z] 📡 Emitting sync_start to 1 clients. Name: thieves_alley
[2026-01-11T23:51:56.272Z] ✅ Sync Complete
[2026-01-11T23:58:00.339Z] 📡 Emitting sync_start to 1 clients. Name: thieves_alley
[2026-01-11T23:58:11.614Z] ✅ Sync Complete
[2026-01-12T00:03:12.234Z] 📡 Emitting sync_start to 1 clients. Name: thieves_alley
[2026-01-12T00:03:24.532Z] ✅ Sync Complete
[2026-01-12T00:25:29.042Z] 📡 Emitting sync_start to 1 clients. Name: thieves_alley
[2026-01-12T00:25:41.498Z] ✅ Sync Complete
[2026-01-12T01:18:53.060Z] 📡 Emitting sync_start to 1 clients. Name: thieves_alley
[2026-01-12T01:19:05.439Z] ✅ Sync Complete
[2026-01-12T01:22:00.364Z] 📡 Emitting sync_start to 1 clients. Name: thieves_alley
[2026-01-12T01:22:12.603Z] ✅ Sync Complete
[2026-01-12T02:18:34.351Z] 📡 Emitting sync_start to 1 clients. Name: thieves_alley
[2026-01-12T02:18:46.663Z] ✅ Sync Complete
[2026-01-12T02:20:02.841Z] 📡 Emitting sync_start to 1 clients. Name: thieves_alley
[2026-01-12T02:20:15.292Z] ✅ Sync Complete
[2026-01-12T02:23:57.469Z] 📡 Emitting sync_start to 1 clients. Name: thieves_alley
[2026-01-12T02:24:09.589Z] ✅ Sync Complete
[2026-01-12T02:30:36.852Z] 📡 Emitting sync_start to 1 clients. Name: thieves_alley
[2026-01-12T02:30:48.952Z] ✅ Sync Complete
[2026-01-12T02:33:14.472Z] 📡 Emitting sync_start to 1 clients. Name: thieves_alley
[2026-01-12T02:33:26.672Z] ✅ Sync Complete
[2026-01-12T02:39:52.507Z] 📡 Emitting sync_start to 1 clients. Name: thieves_alley
[2026-01-12T02:40:04.901Z] ✅ Sync Complete
[2026-01-12T02:57:03.917Z] 📡 Emitting sync_start to 1 clients. Name: thieves_alley
[2026-01-12T02:57:16.284Z] ✅ Sync Complete
[2026-01-12T02:57:31.330Z] 📡 Emitting sync_start to 1 clients. Name: thieves_alley
[2026-01-12T02:57:43.602Z] ✅ Sync Complete
[2026-01-12T03:35:31.819Z] 📡 Emitting sync_start to 1 clients. Name: thieves_alley
[2026-01-12T03:35:44.207Z] ✅ Sync Complete
[2026-01-12T05:43:20.110Z] 📡 Emitting sync_start to 3 clients. Name: thieves_alley
[2026-01-12T05:43:32.360Z] ✅ Sync Complete
[2026-01-12T06:57:46.067Z] 📡 Emitting sync_start to 4 clients. Name: thieves_alley
[2026-01-12T06:57:57.531Z] ✅ Sync Complete
[2026-01-12T07:04:35.274Z] 📡 Emitting sync_start to 3 clients. Name: thieves_alley
[2026-01-12T07:04:46.913Z] ✅ Sync Complete
[2026-01-12T07:21:05.810Z] 📡 Emitting sync_start to 2 clients. Name: thieves_alley
[2026-01-12T07:21:17.369Z] ✅ Sync Complete
[2026-01-12T09:54:26.858Z] 📡 Emitting sync_start to 2 clients. Name: thieves_alley
[2026-01-12T09:54:38.611Z] ✅ Sync Complete
[2026-01-12T10:28:18.091Z] 📡 Emitting sync_start to 1 clients. Name: thieves_alley
[2026-01-12T10:28:29.674Z] ✅ Sync Complete
[2026-01-12T11:36:25.823Z] 📡 Emitting sync_start to 0 clients. Name: thieves_alley
[2026-01-12T11:36:31.940Z] 📡 Emitting sync_start to 0 clients. Name: thieves_alley
[2026-01-12T11:36:37.381Z] ✅ Sync Complete
[2026-01-12T11:36:43.351Z] ✅ Sync Complete
[2026-01-12T11:37:32.009Z] 📡 Emitting sync_start to 2 clients. Name: thieves_alley
[2026-01-12T11:37:43.457Z] ✅ Sync Complete
[2026-01-12T12:33:31.512Z] 📡 Emitting sync_start to 2 clients. Name: thieves_alley
[2026-01-12T12:33:42.701Z] ✅ Sync Complete
[2026-01-12T13:04:51.518Z] 📡 Emitting sync_start to 6 clients. Name: thieves_alley
[2026-01-12T13:05:02.683Z] ✅ Sync Complete
[2026-01-12T13:13:02.975Z] 📡 Emitting sync_start to 3 clients. Name: thieves_alley
[2026-01-12T13:13:13.948Z] ✅ Sync Complete
[2026-01-12T13:37:41.018Z] 📡 Emitting sync_start to 4 clients. Name: thieves_alley
[2026-01-12T13:37:52.097Z] ✅ Sync Complete
[2026-01-12T13:55:42.743Z] 📡 Emitting sync_start to 3 clients. Name: thieves_alley
[2026-01-12T13:55:50.699Z] 📡 Emitting sync_start to 4 clients. Name: thieves_alley
[2026-01-12T13:55:54.318Z] ✅ Sync Complete
[2026-01-12T13:56:01.998Z] ✅ Sync Complete
[2026-01-12T13:56:23.755Z] 📡 Emitting sync_start to 5 clients. Name: thieves_alley
[2026-01-12T13:56:34.811Z] ✅ Sync Complete
[2026-01-12T19:49:44.682Z] 📡 Emitting sync_start to 3 clients. Name: thieves_alley
[2026-01-12T19:49:55.979Z] ✅ Sync Complete
[2026-01-12T19:50:34.172Z] 📡 Emitting sync_start to 3 clients. Name: thieves_alley
[2026-01-12T19:50:45.175Z] ✅ Sync Complete
[2026-01-12T23:32:30.328Z] 📡 Emitting sync_start to 4 clients. Name: thieves_alley
[2026-01-12T23:32:41.616Z] ✅ Sync Complete
[2026-01-13T00:11:20.442Z] 📡 Emitting sync_start to 2 clients. Name: thieves_alley
[2026-01-13T00:11:31.621Z] ✅ Sync Complete
[2026-01-13T00:11:56.928Z] 📡 Emitting sync_start to 4 clients. Name: thieves_alley
[2026-01-13T00:12:08.160Z] ✅ Sync Complete
[2026-01-13T01:09:31.158Z] 📡 Emitting sync_start to 6 clients. Name: thieves_alley
[2026-01-13T01:09:42.327Z] ✅ Sync Complete
[2026-01-13T01:10:35.073Z] 📡 Emitting sync_start to 3 clients. Name: thieves_alley
[2026-01-13T01:10:46.058Z] ✅ Sync Complete
[2026-01-13T03:40:19.503Z] 📡 Emitting sync_start to 3 clients. Name: thieves_alley
[2026-01-13T03:40:30.647Z] ✅ Sync Complete
[2026-01-13T04:44:57.501Z] 📡 Emitting sync_start to 2 clients. Name: thieves_alley
[2026-01-13T04:45:08.495Z] ✅ Sync Complete
[2026-01-13T04:46:21.869Z] 📡 Emitting sync_start to 2 clients. Name: thieves_alley
[2026-01-13T04:46:32.859Z] ✅ Sync Complete
[2026-01-13T04:47:03.830Z] 📡 Emitting sync_start to 2 clients. Name: thieves_alley
[2026-01-13T04:47:14.807Z] ✅ Sync Complete
[2026-01-13T04:47:44.121Z] 📡 Emitting sync_start to 2 clients. Name: thieves_alley
[2026-01-13T04:47:55.139Z] ✅ Sync Complete
[2026-01-13T04:52:26.639Z] 📡 Emitting sync_start to 2 clients. Name: thieves_alley
[2026-01-13T04:52:37.782Z] ✅ Sync Complete
[2026-01-13T04:54:37.796Z] 📡 Emitting sync_start to 2 clients. Name: thieves_alley
[2026-01-13T04:54:48.902Z] ✅ Sync Complete
[2026-01-13T06:43:47.693Z] 📡 Emitting sync_start to 2 clients. Name: thieves_alley
[2026-01-13T06:43:58.819Z] ✅ Sync Complete
[2026-01-13T06:45:22.192Z] 📡 Emitting sync_start to 2 clients. Name: thieves_alley
[2026-01-13T06:45:33.347Z] ✅ Sync Complete
[2026-01-13T06:48:56.241Z] 📡 Emitting sync_start to 2 clients. Name: thieves_alley
[2026-01-13T06:49:07.352Z] ✅ Sync Complete
[2026-01-13T06:49:46.004Z] 📡 Emitting sync_start to 2 clients. Name: thieves_alley
[2026-01-13T06:49:57.075Z] ✅ Sync Complete
[2026-01-13T06:51:59.066Z] 📡 Emitting sync_start to 2 clients. Name: thieves_alley
[2026-01-13T06:52:10.094Z] ✅ Sync Complete
[2026-01-13T06:53:11.931Z] 📡 Emitting sync_start to 2 clients. Name: thieves_alley
[2026-01-13T06:53:22.901Z] ✅ Sync Complete
[2026-01-13T06:56:21.217Z] 📡 Emitting sync_start to 2 clients. Name: thieves_alley
[2026-01-13T06:56:32.202Z] ✅ Sync Complete
[2026-01-13T07:23:37.994Z] 📡 Emitting sync_start to 2 clients. Name: thieves_alley
[2026-01-13T07:23:48.915Z] ✅ Sync Complete
[2026-01-13T07:28:41.889Z] 📡 Emitting sync_start to 2 clients. Name: thieves_alley
[2026-01-13T07:28:52.950Z] ✅ Sync Complete
[2026-01-13T07:36:59.591Z] 📡 Emitting sync_start to 2 clients. Name: thieves_alley
[2026-01-13T07:37:10.621Z] ✅ Sync Complete
[2026-01-13T08:51:15.220Z] 📡 Emitting sync_start to 2 clients. Name: thieves_alley
[2026-01-13T08:51:26.116Z] ✅ Sync Complete
[2026-01-13T08:56:04.272Z] 📡 Emitting sync_start to 2 clients. Name: thieves_alley
[2026-01-13T08:56:15.165Z] ✅ Sync Complete
[2026-01-13T09:01:07.457Z] 📡 Emitting sync_start to 2 clients. Name: thieves_alley
[2026-01-13T09:01:18.350Z] ✅ Sync Complete
[2026-01-13T09:01:58.382Z] 📡 Emitting sync_start to 2 clients. Name: thieves_alley
[2026-01-13T09:02:09.396Z] ✅ Sync Complete
[2026-01-13T09:02:47.132Z] 📡 Emitting sync_start to 2 clients. Name: thieves_alley
[2026-01-13T09:02:58.019Z] ✅ Sync Complete
[2026-01-13T09:03:48.486Z] 📡 Emitting sync_start to 2 clients. Name: thieves_alley
[2026-01-13T09:03:59.386Z] ✅ Sync Complete
[2026-01-13T09:05:24.809Z] 📡 Emitting sync_start to 2 clients. Name: thieves_alley
[2026-01-13T09:05:35.745Z] ✅ Sync Complete
[2026-01-13T10:36:48.224Z] 📡 Emitting sync_start to 2 clients. Name: thieves_alley
[2026-01-13T10:36:48.398Z] 🔥 SYNC FAILED: hex.toLowerCase is not a function
TypeError: hex.toLowerCase is not a function
    at getX32ColorID (/Volumes/WORKER/machines/x32-controller/index.js:1150:19)
    at /Volumes/WORKER/machines/x32-controller/index.js:441:79
[2026-01-13T10:41:13.869Z] 📡 Emitting sync_start to 2 clients. Name: thieves_alley
[2026-01-13T10:41:25.058Z] ✅ Sync Complete
[2026-01-13T11:27:50.357Z] 📡 Emitting sync_start to 2 clients. Name: thieves_alley
[2026-01-13T11:28:01.503Z] ✅ Sync Complete
[2026-01-13T12:00:23.127Z] 📡 Emitting sync_start to 2 clients. Name: thieves_alley
[2026-01-13T12:00:34.817Z] ✅ Sync Complete
