📄 Setlists Loaded
🛡️  Performing Startup Backup to: /Volumes/WORKER/machines/x32-controller/backups/boot_2026-01-18T20-20-35-584Z
🧹 Cleaning old backup: boot_2026-01-18T08-22-17-676Z
🔒 HTTPS Enabled
📂 State Loaded from Disk
🔌 Connecting to X32 at 10.0.0.202:10023...
🎹 All MIDI Inputs: [ 'IAC Driver Bus 1', 'IAC Driver Bus 2' ]
🎹 Connecting MIDI Input to: "IAC Driver Bus 1"
🎹 Available MIDI Outputs: [ 'IAC Driver Bus 1', 'IAC Driver Bus 2' ]
✅ MIDI Output connected to: "IAC Driver Bus 1"
--- SERVER RESTART DEBUG ---
💡 DMX Lighting Engine Initialized (Silent Mode)
🎹 MIDI Input connected to: "IAC Driver Bus 1"
[dotenv@17.2.3] injecting env (3) from .env -- tip: ⚙️  write to custom object with { processEnv: myObject }
✅ OSC Port Open
🌟 Controller v2.15.1 running at https://localhost:3000
⚡ Client Connected: 82sn-dyAnPz1aS1NAAAC
⚡ Client Connected: mEd9mcsFBxBOK3D2AAAD
📤 Sending Full State to 82sn-dyAnPz1aS1NAAAC (0 chans)
📤 Sending Full State to mEd9mcsFBxBOK3D2AAAD (0 chans)
⚡ Client Connected: zBl2Pc_dBwh1vV0fAAAF
📤 Sending Full State to zBl2Pc_dBwh1vV0fAAAF (0 chans)
📥 Fetching Bus Configs & Safes...
📡 ANY OSC: /bus/01/config/name [Vox Ed]
📡 ANY OSC: /bus/01/config/color [4]
📡 ANY OSC: /bus/01/mix/fader [0.7272727489471436]
📡 ANY OSC: /bus/01/mix/on [0]
📡 ANY OSC: /bus/02/config/name [Vox Nathan]
📡 ANY OSC: /bus/02/config/color [4]
📡 ANY OSC: /bus/02/mix/fader [0.7546432018280029]
📡 ANY OSC: /bus/02/mix/on [0]
📡 ANY OSC: /bus/03/config/name [Vox Claire]
📡 ANY OSC: /bus/03/config/color [4]
📡 ANY OSC: /bus/03/mix/fader [0.759530782699585]
📡 ANY OSC: /bus/03/mix/on [0]
📡 ANY OSC: /bus/04/config/name [Vox Alan]
📡 ANY OSC: /bus/04/config/color [4]
📡 ANY OSC: /bus/04/mix/fader [0.7653958797454834]
📡 ANY OSC: /bus/04/mix/on [0]
📡 ANY OSC: /bus/05/config/name [Vox Hyram]
📡 ANY OSC: /bus/05/config/color [4]
📡 ANY OSC: /bus/05/mix/fader [0.7653958797454834]
📡 ANY OSC: /bus/05/mix/on [0]
📡 ANY OSC: /bus/06/config/name [Vox Davina]
📡 ANY OSC: /bus/06/config/color [4]
📡 ANY OSC: /bus/06/mix/fader [0.7751710414886475]
📡 ANY OSC: /bus/06/mix/on [0]
📡 ANY OSC: /bus/16/mix/fader [0]
📡 ANY OSC: /bus/16/mix/on [1]
🔌 Client Disconnected: zBl2Pc_dBwh1vV0fAAAF
🔌 Client Disconnected: 82sn-dyAnPz1aS1NAAAC
🔌 Client Disconnected: mEd9mcsFBxBOK3D2AAAD
⚡ Client Connected: eE448hb8r8b3ut8oAAAH
📤 Sending Full State to eE448hb8r8b3ut8oAAAH (0 chans)
⚡ Client Connected: 3t7tf8RAcuDc8TdhAAAJ
📤 Sending Full State to 3t7tf8RAcuDc8TdhAAAJ (0 chans)
🔌 Client Disconnected: eE448hb8r8b3ut8oAAAH
🔌 Client Disconnected: 3t7tf8RAcuDc8TdhAAAJ
⚡ Client Connected: RvSPMUt2elYMRK4wAAAL
📤 Sending Full State to RvSPMUt2elYMRK4wAAAL (0 chans)
⚡ Client Connected: 0Q9Mx6pL1tZ-_8fYAAAN
📤 Sending Full State to 0Q9Mx6pL1tZ-_8fYAAAN (0 chans)
🎹 MIDI CC 16 (Cue Select): 0
🎹 MIDI CC 16 (Cue Select): 0
🔌 Client Disconnected: 0Q9Mx6pL1tZ-_8fYAAAN
⚡ Client Connected: sWCtHrWfiE7Bon_yAAAP
📤 Sending Full State to sWCtHrWfiE7Bon_yAAAP (0 chans)
📂 SharePoint List: folder=01RI4564YCB74UVRSNKBBIJ56PUFUF5IV6 drive= site=
   -> Query: /me/drive/items/01RI4564YCB74UVRSNKBBIJ56PUFUF5IV6/children
Graph Item 0: {
  "@odata.etag": "\"{39796C04-DD2A-452E-855F-372EF988E8CF},2\"",
  "id": "01RI4564YENR4TSKW5FZCYKXZXF34YR2GP",
  "name": "2024_05_25_Brighton Club",
  "webUrl": "https://loboski-my.sharepoint.com/personal/ed_loboski_nz/Documents/Loboski%20Farm/Ed%20and%20the%20Shadow%20Boys/gigs/2024_05_25_Brighton%20Club",
  "folder": {
    "childCount": 3
  },
  "size": 400758743
}
📤 Sending Full State to sWCtHrWfiE7Bon_yAAAP (0 chans)
📤 Sending Full State to sWCtHrWfiE7Bon_yAAAP (0 chans)
📤 Sending Full State to sWCtHrWfiE7Bon_yAAAP (0 chans)
🔌 Client Disconnected: RvSPMUt2elYMRK4wAAAL
🔌 Client Disconnected: sWCtHrWfiE7Bon_yAAAP
⚡ Client Connected: WlPp2aR97j8o6eQCAAAW
📤 Sending Full State to WlPp2aR97j8o6eQCAAAW (0 chans)
⚡ Client Connected: kf6Uv39RSxubLddrAAAY
🔌 Client Disconnected: kf6Uv39RSxubLddrAAAY
🔌 Client Disconnected: WlPp2aR97j8o6eQCAAAW
