📄 Setlists Loaded
🛡️  Performing Startup Backup to: /Volumes/WORKER/machines/x32-controller/backups/boot_2026-01-19T05-40-30-371Z
🧹 Cleaning old backup: boot_2026-01-18T20-20-35-584Z
🔒 HTTPS Enabled
📂 State Loaded from Disk
🔌 Connecting to X32 at 10.0.0.202:10023...
🎹 All MIDI Inputs: [ 'IAC Driver Bus 1', 'IAC Driver Bus 2' ]
🎹 Connecting MIDI Input to: "IAC Driver Bus 1"
🎹 Available MIDI Outputs: [ 'IAC Driver Bus 1', 'IAC Driver Bus 2' ]
✅ MIDI Output connected to: "IAC Driver Bus 1"
--- SERVER RESTART DEBUG ---
💡 DMX Lighting Engine Initialized (Silent Mode)
🎹 MIDI Input connected to: "IAC Driver Bus 1"
[dotenv@17.2.3] injecting env (3) from .env -- tip: 🔄 add secrets lifecycle management: https://dotenvx.com/ops
✅ OSC Port Open
🌟 Controller v2.15.1 running at https://localhost:3000
⚡ Client Connected: ufKfDFGmy5qG2kpLAAAB
📤 Sending Full State to ufKfDFGmy5qG2kpLAAAB (0 chans)
📥 Fetching Bus Configs & Safes...
📡 ANY OSC: /bus/01/config/name [Vox Ed]
📡 ANY OSC: /bus/01/config/color [4]
📡 ANY OSC: /bus/01/mix/fader [0.7272727489471436]
📡 ANY OSC: /bus/01/mix/on [0]
📡 ANY OSC: /bus/02/config/name [Vox Nathan]
📡 ANY OSC: /bus/02/config/color [4]
📡 ANY OSC: /bus/02/mix/fader [0.7546432018280029]
📡 ANY OSC: /bus/02/mix/on [0]
📡 ANY OSC: /bus/03/config/name [Vox Claire]
📡 ANY OSC: /bus/03/config/color [4]
📡 ANY OSC: /bus/03/mix/fader [0.759530782699585]
📡 ANY OSC: /bus/03/mix/on [0]
📡 ANY OSC: /bus/04/config/name [Vox Alan]
📡 ANY OSC: /bus/04/config/color [4]
📡 ANY OSC: /bus/04/mix/fader [0.7653958797454834]
📡 ANY OSC: /bus/04/mix/on [0]
📡 ANY OSC: /bus/05/config/name [Vox Hyram]
📡 ANY OSC: /bus/05/config/color [4]
📡 ANY OSC: /bus/05/mix/fader [0.7653958797454834]
📡 ANY OSC: /bus/05/mix/on [0]
📡 ANY OSC: /bus/06/config/name [Vox Davina]
📡 ANY OSC: /bus/06/config/color [4]
📡 ANY OSC: /bus/06/mix/fader [0.7751710414886475]
📡 ANY OSC: /bus/06/mix/on [0]
📡 ANY OSC: /bus/07/config/name [Drums]
📡 ANY OSC: /bus/07/config/color [6]
📡 ANY OSC: /bus/07/mix/fader [0.7546432018280029]
📡 ANY OSC: /bus/07/mix/on [0]
📡 ANY OSC: /bus/08/config/name [Bass]
📡 ANY OSC: /bus/08/config/color [5]
📡 ANY OSC: /bus/08/mix/fader [0.759530782699585]
📡 ANY OSC: /bus/08/mix/on [0]
📡 ANY OSC: /bus/09/config/name [Keys]
📡 ANY OSC: /bus/09/config/color [3]
📡 ANY OSC: /bus/09/mix/fader [0.759530782699585]
📡 ANY OSC: /bus/09/mix/on [0]
📡 ANY OSC: /bus/10/config/name [Gat]
📡 ANY OSC: /bus/10/config/color [1]
📡 ANY OSC: /bus/10/mix/fader [0.7546432018280029]
📡 ANY OSC: /bus/10/mix/on [0]
📡 ANY OSC: /bus/11/config/name [Bus 11]
📡 ANY OSC: /bus/11/config/color [3]
📡 ANY OSC: /bus/11/mix/fader [0]
📡 ANY OSC: /bus/11/mix/on [0]
📡 ANY OSC: /bus/12/config/name [Horns]
📤 Sending Full State to ufKfDFGmy5qG2kpLAAAB (0 chans)
📤 Sending Full State to ufKfDFGmy5qG2kpLAAAB (0 chans)
🔌 Client Disconnected: ufKfDFGmy5qG2kpLAAAB
⚡ Client Connected: J4zeBbXA8mt_Z9oDAAAD
📤 Sending Full State to J4zeBbXA8mt_Z9oDAAAD (0 chans)
💾 Saving Scene: "thieves_alley" (With Metadata)
🚀 Received Rider Generation Request
📝 Generating rider for scene: thieves_alley (Stage Plot Present: true)
📂 Paths: 
Template: /Volumes/WORKER/machines/x32-controller/resources/ESB_Tech_Rider.docx
Output: /Volumes/WORKER/machines/x32-controller/sharepoint/Tech_Riders
🔍 [Rider] Ch 1 Extracted: Name="Kick" Mic="E902" Stand="short" (Key: ch1)
🔍 [Rider] Ch 2 Extracted: Name="Snare" Mic="E604" Stand="clip" (Key: ch2)
🔍 [Rider] Ch 3 Extracted: Name="Hat" Mic="Rode M3" Stand="tall" (Key: ch3)
🔍 [Rider] Ch 4 Extracted: Name="Rack Tom 1" Mic="E604" Stand="clip" (Key: ch4)
🔍 [Rider] Ch 5 Extracted: Name="Rack Tom 2" Mic="E604" Stand="clip" (Key: ch5)
🔍 [Rider] Ch 6 Extracted: Name="Floor Tom" Mic="E604" Stand="clip" (Key: ch6)
🔍 [Rider] Ch 7 Extracted: Name="OH1" Mic="R0deM5" Stand="tall" (Key: ch7)
🔍 [Rider] Ch 8 Extracted: Name="OH2" Mic="R0deM5" Stand="tall" (Key: ch8)
🔍 [Rider] Ch 9 Extracted: Name="Bass" Mic="jack" Stand="" (Key: ch9)
🔍 [Rider] Ch 10 Extracted: Name="Gat" Mic="SM57" Stand="short" (Key: ch10)
🔍 [Rider] Ch 11 Extracted: Name="Keys 1" Mic="Jack" Stand="" (Key: ch11)
🔍 [Rider] Ch 12 Extracted: Name="Keys 2" Mic="Jack" Stand="" (Key: ch12)
🔍 [Rider] Ch 13 Extracted: Name="Sous" Mic="SM57" Stand="tall" (Key: ch13)
🔍 [Rider] Ch 14 Extracted: Name="Tromb" Mic="SM58" Stand="tall" (Key: ch14)
🔍 [Rider] Ch 15 Extracted: Name="Sax" Mic="SM58" Stand="tall" (Key: ch15)
🔍 [Rider] Ch 16 Extracted: Name="Trump" Mic="SM58" Stand="tall" (Key: ch16)
🔍 [Rider] Ch 17 Extracted: Name="Vox Ed" Mic="SM58" Stand="" (Key: ch17)
🔍 [Rider] Ch 18 Extracted: Name="Vox Nathan" Mic="SM58" Stand="" (Key: ch18)
🔍 [Rider] Ch 19 Extracted: Name="Vox Claire" Mic="SM58" Stand="" (Key: ch19)
🔍 [Rider] Ch 20 Extracted: Name="Vox Alan" Mic="SM58" Stand="" (Key: ch20)
🔍 [Rider] Ch 21 Extracted: Name="Vox Hyram" Mic="SM58" Stand="" (Key: ch21)
🔍 [Rider] Ch 22 Extracted: Name="Cuatro" Mic="Jack " Stand="" (Key: ch22)
🔍 [Rider] Ch 23 Extracted: Name="SPD1" Mic="XLR" Stand="" (Key: ch23)
🔍 [Rider] Ch 24 Extracted: Name="SPD2" Mic="XLR" Stand="" (Key: ch24)
🔍 [Rider] Ch 25 Extracted: Name="ABL Drums" Mic="XLR" Stand="" (Key: ch25)
🔍 [Rider] Ch 26 Extracted: Name="ABL Bass" Mic="XLR" Stand="" (Key: ch26)
🔍 [Rider] Ch 27 Extracted: Name="ABL Keys" Mic="XLR" Stand="" (Key: ch27)
🔍 [Rider] Ch 28 Extracted: Name="ABL Samples" Mic="XLR" Stand="" (Key: ch28)
🔍 [Rider] Ch 29 Extracted: Name="ABL Horns" Mic="XLR" Stand="" (Key: ch29)
🔍 [Rider] Ch 30 Extracted: Name="ABL Vox" Mic="XLR" Stand="" (Key: ch30)
🔍 [Rider] Ch 31 Extracted: Name="ABL FX" Mic="XLR" Stand="" (Key: ch31)
🔍 [Rider] Ch 32 Extracted: Name="Click" Mic="XLR" Stand="" (Key: ch32)
✅ Input List Array built: 32 items
✅ Output List Array built: 16 items
📄 Loading template...
🖋️ Rendering data...
💾 Writing temp DOCX to /Volumes/WORKER/machines/x32-controller/temp/thieves_alley_Rider.docx
🔄 Generating Rider PDF with command: /Applications/LibreOffice.app/Contents/MacOS/soffice --headless --convert-to pdf --outdir "/Volumes/WORKER/machines/x32-controller/sharepoint/Tech_Riders" "/Volumes/WORKER/machines/x32-controller/temp/thieves_alley_Rider.docx"
✅ PDF Generation Success!
Stdout: convert /Volumes/WORKER/machines/x32-controller/temp/thieves_alley_Rider.docx as a Writer document -> /Volumes/WORKER/machines/x32-controller/sharepoint/Tech_Riders/thieves_alley_Rider.pdf using filter : writer_pdf_Export
Overwriting: /Volumes/WORKER/machines/x32-controller/sharepoint/Tech_Riders/thieves_alley_Rider.pdf

🚀 Received Rider Generation Request
📝 Generating rider for scene: thieves_alley (Stage Plot Present: true)
📂 Paths: 
Template: /Volumes/WORKER/machines/x32-controller/resources/ESB_Tech_Rider.docx
Output: /Volumes/WORKER/machines/x32-controller/sharepoint/Tech_Riders
🔍 [Rider] Ch 1 Extracted: Name="Kick" Mic="E902" Stand="short" (Key: ch1)
🔍 [Rider] Ch 2 Extracted: Name="Snare" Mic="E604" Stand="clip" (Key: ch2)
🔍 [Rider] Ch 3 Extracted: Name="Hat" Mic="Rode M3" Stand="tall" (Key: ch3)
🔍 [Rider] Ch 4 Extracted: Name="Rack Tom 1" Mic="E604" Stand="clip" (Key: ch4)
🔍 [Rider] Ch 5 Extracted: Name="Rack Tom 2" Mic="E604" Stand="clip" (Key: ch5)
🔍 [Rider] Ch 6 Extracted: Name="Floor Tom" Mic="E604" Stand="clip" (Key: ch6)
🔍 [Rider] Ch 7 Extracted: Name="OH1" Mic="R0deM5" Stand="tall" (Key: ch7)
🔍 [Rider] Ch 8 Extracted: Name="OH2" Mic="R0deM5" Stand="tall" (Key: ch8)
🔍 [Rider] Ch 9 Extracted: Name="Bass" Mic="jack" Stand="" (Key: ch9)
🔍 [Rider] Ch 10 Extracted: Name="Gat" Mic="SM57" Stand="short" (Key: ch10)
🔍 [Rider] Ch 11 Extracted: Name="Keys 1" Mic="Jack" Stand="" (Key: ch11)
🔍 [Rider] Ch 12 Extracted: Name="Keys 2" Mic="Jack" Stand="" (Key: ch12)
🔍 [Rider] Ch 13 Extracted: Name="Sous" Mic="SM57" Stand="tall" (Key: ch13)
🔍 [Rider] Ch 14 Extracted: Name="Tromb" Mic="SM58" Stand="tall" (Key: ch14)
🔍 [Rider] Ch 15 Extracted: Name="Sax" Mic="SM58" Stand="tall" (Key: ch15)
🔍 [Rider] Ch 16 Extracted: Name="Trump" Mic="SM58" Stand="tall" (Key: ch16)
🔍 [Rider] Ch 17 Extracted: Name="Vox Ed" Mic="SM58" Stand="" (Key: ch17)
🔍 [Rider] Ch 18 Extracted: Name="Vox Nathan" Mic="SM58" Stand="" (Key: ch18)
🔍 [Rider] Ch 19 Extracted: Name="Vox Claire" Mic="SM58" Stand="" (Key: ch19)
🔍 [Rider] Ch 20 Extracted: Name="Vox Alan" Mic="SM58" Stand="" (Key: ch20)
🔍 [Rider] Ch 21 Extracted: Name="Vox Hyram" Mic="SM58" Stand="" (Key: ch21)
🔍 [Rider] Ch 22 Extracted: Name="Cuatro" Mic="Jack " Stand="" (Key: ch22)
🔍 [Rider] Ch 23 Extracted: Name="SPD1" Mic="XLR" Stand="" (Key: ch23)
🔍 [Rider] Ch 24 Extracted: Name="SPD2" Mic="XLR" Stand="" (Key: ch24)
🔍 [Rider] Ch 25 Extracted: Name="ABL Drums" Mic="XLR" Stand="" (Key: ch25)
🔍 [Rider] Ch 26 Extracted: Name="ABL Bass" Mic="XLR" Stand="" (Key: ch26)
🔍 [Rider] Ch 27 Extracted: Name="ABL Keys" Mic="XLR" Stand="" (Key: ch27)
🔍 [Rider] Ch 28 Extracted: Name="ABL Samples" Mic="XLR" Stand="" (Key: ch28)
🔍 [Rider] Ch 29 Extracted: Name="ABL Horns" Mic="XLR" Stand="" (Key: ch29)
🔍 [Rider] Ch 30 Extracted: Name="ABL Vox" Mic="XLR" Stand="" (Key: ch30)
🔍 [Rider] Ch 31 Extracted: Name="ABL FX" Mic="XLR" Stand="" (Key: ch31)
🔍 [Rider] Ch 32 Extracted: Name="Click" Mic="XLR" Stand="" (Key: ch32)
✅ Input List Array built: 32 items
✅ Output List Array built: 16 items
📄 Loading template...
{
  "error": [
    {
      "name": "TemplateError",
      "message": "Unopened tag",
      "stack": "Error: Unopened tag\n    at new XTTemplateError (/Volumes/WORKER/machines/x32-controller/node_modules/docxtemplater/js/errors.js:21:16)\n    at getUnopenedTagException (/Volumes/WORKER/machines/x32-controller/node_modules/docxtemplater/js/errors.js:71:13)\n    at /Volumes/WORKER/machines/x32-controller/node_modules/docxtemplater/js/lexer.js:176:19\n    at Array.reduce (<anonymous>)\n    at getDelimiterErrors (/Volumes/WORKER/machines/x32-controller/node_modules/docxtemplater/js/lexer.js:126:46)\n    at parseDelimiters (/Volumes/WORKER/machines/x32-controller/node_modules/docxtemplater/js/lexer.js:333:29)\n    at Object.parse (/Volumes/WORKER/machines/x32-controller/node_modules/docxtemplater/js/lexer.js:424:28)\n    at XmlTemplater.preparse (/Volumes/WORKER/machines/x32-controller/node_modules/docxtemplater/js/xml-templater.js:124:32)\n    at Docxtemplater.precompileFile (/Volumes/WORKER/machines/x32-controller/node_modules/docxtemplater/js/docxtemplater.js:409:19)\n    at Docxtemplater.compile (/Volumes/WORKER/machines/x32-controller/node_modules/docxtemplater/js/docxtemplater.js:511:16)",
      "properties": {
        "xtag": "}stand",
        "id": "unopened_tag",
        "context": "}stand",
        "offset": 1186,
        "explanation": "The tag beginning with \"}stand\" is unopened",
        "file": "word/document.xml"
      }
    }
  ]
}
🔥 Rider Generation Error: Error: Multi error
    at new XTTemplateError (/Volumes/WORKER/machines/x32-controller/node_modules/docxtemplater/js/errors.js:21:16)
    at throwMultiError (/Volumes/WORKER/machines/x32-controller/node_modules/docxtemplater/js/errors.js:62:13)
    at verifyErrors (/Volumes/WORKER/machines/x32-controller/node_modules/docxtemplater/js/docxtemplater.js:210:5)
    at Docxtemplater.compile (/Volumes/WORKER/machines/x32-controller/node_modules/docxtemplater/js/docxtemplater.js:534:7)
    at new Docxtemplater (/Volumes/WORKER/machines/x32-controller/node_modules/docxtemplater/js/docxtemplater.js:250:12)
    at /Volumes/WORKER/machines/x32-controller/index.js:545:21
    at Layer.handleRequest (/Volumes/WORKER/machines/x32-controller/node_modules/router/lib/layer.js:152:17)
    at next (/Volumes/WORKER/machines/x32-controller/node_modules/router/lib/route.js:157:13)
    at Route.dispatch (/Volumes/WORKER/machines/x32-controller/node_modules/router/lib/route.js:117:3)
    at handle (/Volumes/WORKER/machines/x32-controller/node_modules/router/index.js:435:11) {
  properties: {
    errors: [ [Error] ],
    id: 'multi_error',
    explanation: 'The template has multiple errors'
  }
}
Templating Error: Error: Unopened tag
    at new XTTemplateError (/Volumes/WORKER/machines/x32-controller/node_modules/docxtemplater/js/errors.js:21:16)
    at getUnopenedTagException (/Volumes/WORKER/machines/x32-controller/node_modules/docxtemplater/js/errors.js:71:13)
    at /Volumes/WORKER/machines/x32-controller/node_modules/docxtemplater/js/lexer.js:176:19
    at Array.reduce (<anonymous>)
    at getDelimiterErrors (/Volumes/WORKER/machines/x32-controller/node_modules/docxtemplater/js/lexer.js:126:46)
    at parseDelimiters (/Volumes/WORKER/machines/x32-controller/node_modules/docxtemplater/js/lexer.js:333:29)
    at Object.parse (/Volumes/WORKER/machines/x32-controller/node_modules/docxtemplater/js/lexer.js:424:28)
    at XmlTemplater.preparse (/Volumes/WORKER/machines/x32-controller/node_modules/docxtemplater/js/xml-templater.js:124:32)
    at Docxtemplater.precompileFile (/Volumes/WORKER/machines/x32-controller/node_modules/docxtemplater/js/docxtemplater.js:409:19)
    at Docxtemplater.compile (/Volumes/WORKER/machines/x32-controller/node_modules/docxtemplater/js/docxtemplater.js:511:16) {
  properties: {
    xtag: '}stand',
    id: 'unopened_tag',
    context: '}stand',
    offset: 1186,
    lIndex: undefined,
    explanation: 'The tag beginning with "}stand" is unopened',
    file: 'word/document.xml'
  }
}
🔌 Client Disconnected: J4zeBbXA8mt_Z9oDAAAD
⚡ Client Connected: W01sRlxQY5PuZ8VjAAAF
📤 Sending Full State to W01sRlxQY5PuZ8VjAAAF (0 chans)
💾 Saving Scene: "thieves_alley" (With Metadata)
🚀 Received Rider Generation Request
📝 Generating rider for scene: thieves_alley (Stage Plot Present: true)
📂 Paths: 
Template: /Volumes/WORKER/machines/x32-controller/resources/ESB_Tech_Rider.docx
Output: /Volumes/WORKER/machines/x32-controller/sharepoint/Tech_Riders
🔍 [Rider] Ch 1 Extracted: Name="Kick" Mic="E902" Stand="short" (Key: ch1)
🔍 [Rider] Ch 2 Extracted: Name="Snare" Mic="E604" Stand="clip" (Key: ch2)
🔍 [Rider] Ch 3 Extracted: Name="Hat" Mic="Rode M3" Stand="tall" (Key: ch3)
🔍 [Rider] Ch 4 Extracted: Name="Rack Tom 1" Mic="E604" Stand="clip" (Key: ch4)
🔍 [Rider] Ch 5 Extracted: Name="Rack Tom 2" Mic="E604" Stand="clip" (Key: ch5)
🔍 [Rider] Ch 6 Extracted: Name="Floor Tom" Mic="E604" Stand="clip" (Key: ch6)
🔍 [Rider] Ch 7 Extracted: Name="OH1" Mic="R0deM5" Stand="tall" (Key: ch7)
🔍 [Rider] Ch 8 Extracted: Name="OH2" Mic="R0deM5" Stand="tall" (Key: ch8)
🔍 [Rider] Ch 9 Extracted: Name="Bass" Mic="jack" Stand="" (Key: ch9)
🔍 [Rider] Ch 10 Extracted: Name="Gat" Mic="SM57" Stand="short" (Key: ch10)
🔍 [Rider] Ch 11 Extracted: Name="Keys 1" Mic="Jack" Stand="" (Key: ch11)
🔍 [Rider] Ch 12 Extracted: Name="Keys 2" Mic="Jack" Stand="" (Key: ch12)
🔍 [Rider] Ch 13 Extracted: Name="Sous" Mic="SM57" Stand="tall" (Key: ch13)
🔍 [Rider] Ch 14 Extracted: Name="Tromb" Mic="SM58" Stand="tall" (Key: ch14)
🔍 [Rider] Ch 15 Extracted: Name="Sax" Mic="SM58" Stand="tall" (Key: ch15)
🔍 [Rider] Ch 16 Extracted: Name="Trump" Mic="SM58" Stand="tall" (Key: ch16)
🔍 [Rider] Ch 17 Extracted: Name="Vox Ed" Mic="SM58" Stand="" (Key: ch17)
🔍 [Rider] Ch 18 Extracted: Name="Vox Nathan" Mic="SM58" Stand="" (Key: ch18)
🔍 [Rider] Ch 19 Extracted: Name="Vox Claire" Mic="SM58" Stand="" (Key: ch19)
🔍 [Rider] Ch 20 Extracted: Name="Vox Alan" Mic="SM58" Stand="" (Key: ch20)
🔍 [Rider] Ch 21 Extracted: Name="Vox Hyram" Mic="SM58" Stand="" (Key: ch21)
🔍 [Rider] Ch 22 Extracted: Name="Cuatro" Mic="Jack " Stand="" (Key: ch22)
🔍 [Rider] Ch 23 Extracted: Name="SPD1" Mic="XLR" Stand="" (Key: ch23)
🔍 [Rider] Ch 24 Extracted: Name="SPD2" Mic="XLR" Stand="" (Key: ch24)
🔍 [Rider] Ch 25 Extracted: Name="ABL Drums" Mic="XLR" Stand="" (Key: ch25)
🔍 [Rider] Ch 26 Extracted: Name="ABL Bass" Mic="XLR" Stand="" (Key: ch26)
🔍 [Rider] Ch 27 Extracted: Name="ABL Keys" Mic="XLR" Stand="" (Key: ch27)
🔍 [Rider] Ch 28 Extracted: Name="ABL Samples" Mic="XLR" Stand="" (Key: ch28)
🔍 [Rider] Ch 29 Extracted: Name="ABL Horns" Mic="XLR" Stand="" (Key: ch29)
🔍 [Rider] Ch 30 Extracted: Name="ABL Vox" Mic="XLR" Stand="" (Key: ch30)
🔍 [Rider] Ch 31 Extracted: Name="ABL FX" Mic="XLR" Stand="" (Key: ch31)
🔍 [Rider] Ch 32 Extracted: Name="Click" Mic="XLR" Stand="" (Key: ch32)
✅ Input List Array built: 32 items
✅ Output List Array built: 16 items
📄 Loading template...
{
  "error": [
    {
      "name": "TemplateError",
      "message": "Unopened tag",
      "stack": "Error: Unopened tag\n    at new XTTemplateError (/Volumes/WORKER/machines/x32-controller/node_modules/docxtemplater/js/errors.js:21:16)\n    at getUnopenedTagException (/Volumes/WORKER/machines/x32-controller/node_modules/docxtemplater/js/errors.js:71:13)\n    at /Volumes/WORKER/machines/x32-controller/node_modules/docxtemplater/js/lexer.js:176:19\n    at Array.reduce (<anonymous>)\n    at getDelimiterErrors (/Volumes/WORKER/machines/x32-controller/node_modules/docxtemplater/js/lexer.js:126:46)\n    at parseDelimiters (/Volumes/WORKER/machines/x32-controller/node_modules/docxtemplater/js/lexer.js:333:29)\n    at Object.parse (/Volumes/WORKER/machines/x32-controller/node_modules/docxtemplater/js/lexer.js:424:28)\n    at XmlTemplater.preparse (/Volumes/WORKER/machines/x32-controller/node_modules/docxtemplater/js/xml-templater.js:124:32)\n    at Docxtemplater.precompileFile (/Volumes/WORKER/machines/x32-controller/node_modules/docxtemplater/js/docxtemplater.js:409:19)\n    at Docxtemplater.compile (/Volumes/WORKER/machines/x32-controller/node_modules/docxtemplater/js/docxtemplater.js:511:16)",
      "properties": {
        "xtag": "}stand",
        "id": "unopened_tag",
        "context": "}stand",
        "offset": 1186,
        "explanation": "The tag beginning with \"}stand\" is unopened",
        "file": "word/document.xml"
      }
    }
  ]
}
🔥 Rider Generation Error: Error: Multi error
    at new XTTemplateError (/Volumes/WORKER/machines/x32-controller/node_modules/docxtemplater/js/errors.js:21:16)
    at throwMultiError (/Volumes/WORKER/machines/x32-controller/node_modules/docxtemplater/js/errors.js:62:13)
    at verifyErrors (/Volumes/WORKER/machines/x32-controller/node_modules/docxtemplater/js/docxtemplater.js:210:5)
    at Docxtemplater.compile (/Volumes/WORKER/machines/x32-controller/node_modules/docxtemplater/js/docxtemplater.js:534:7)
    at new Docxtemplater (/Volumes/WORKER/machines/x32-controller/node_modules/docxtemplater/js/docxtemplater.js:250:12)
    at /Volumes/WORKER/machines/x32-controller/index.js:545:21
    at Layer.handleRequest (/Volumes/WORKER/machines/x32-controller/node_modules/router/lib/layer.js:152:17)
    at next (/Volumes/WORKER/machines/x32-controller/node_modules/router/lib/route.js:157:13)
    at Route.dispatch (/Volumes/WORKER/machines/x32-controller/node_modules/router/lib/route.js:117:3)
    at handle (/Volumes/WORKER/machines/x32-controller/node_modules/router/index.js:435:11) {
  properties: {
    errors: [ [Error] ],
    id: 'multi_error',
    explanation: 'The template has multiple errors'
  }
}
Templating Error: Error: Unopened tag
    at new XTTemplateError (/Volumes/WORKER/machines/x32-controller/node_modules/docxtemplater/js/errors.js:21:16)
    at getUnopenedTagException (/Volumes/WORKER/machines/x32-controller/node_modules/docxtemplater/js/errors.js:71:13)
    at /Volumes/WORKER/machines/x32-controller/node_modules/docxtemplater/js/lexer.js:176:19
    at Array.reduce (<anonymous>)
    at getDelimiterErrors (/Volumes/WORKER/machines/x32-controller/node_modules/docxtemplater/js/lexer.js:126:46)
    at parseDelimiters (/Volumes/WORKER/machines/x32-controller/node_modules/docxtemplater/js/lexer.js:333:29)
    at Object.parse (/Volumes/WORKER/machines/x32-controller/node_modules/docxtemplater/js/lexer.js:424:28)
    at XmlTemplater.preparse (/Volumes/WORKER/machines/x32-controller/node_modules/docxtemplater/js/xml-templater.js:124:32)
    at Docxtemplater.precompileFile (/Volumes/WORKER/machines/x32-controller/node_modules/docxtemplater/js/docxtemplater.js:409:19)
    at Docxtemplater.compile (/Volumes/WORKER/machines/x32-controller/node_modules/docxtemplater/js/docxtemplater.js:511:16) {
  properties: {
    xtag: '}stand',
    id: 'unopened_tag',
    context: '}stand',
    offset: 1186,
    lIndex: undefined,
    explanation: 'The tag beginning with "}stand" is unopened',
    file: 'word/document.xml'
  }
}
🔌 Client Disconnected: W01sRlxQY5PuZ8VjAAAF
⚡ Client Connected: Xn2XupKCRLWZVKtbAAAH
📤 Sending Full State to Xn2XupKCRLWZVKtbAAAH (0 chans)
🔌 Client Disconnected: Xn2XupKCRLWZVKtbAAAH
⚡ Client Connected: ComZy0Ob1QLCd6JcAAAJ
📤 Sending Full State to ComZy0Ob1QLCd6JcAAAJ (0 chans)
🚀 Received Rider Generation Request
📝 Generating rider for scene: thieves_alley (Stage Plot Present: true)
📂 Paths: 
Template: /Volumes/WORKER/machines/x32-controller/resources/ESB_Tech_Rider.docx
Output: /Volumes/WORKER/machines/x32-controller/sharepoint/Tech_Riders
🔍 [Rider] Ch 1 Extracted: Name="Kick" Mic="E902" Stand="short" (Key: ch1)
🔍 [Rider] Ch 2 Extracted: Name="Snare" Mic="E604" Stand="clip" (Key: ch2)
🔍 [Rider] Ch 3 Extracted: Name="Hat" Mic="Rode M3" Stand="tall" (Key: ch3)
🔍 [Rider] Ch 4 Extracted: Name="Rack Tom 1" Mic="E604" Stand="clip" (Key: ch4)
🔍 [Rider] Ch 5 Extracted: Name="Rack Tom 2" Mic="E604" Stand="clip" (Key: ch5)
🔍 [Rider] Ch 6 Extracted: Name="Floor Tom" Mic="E604" Stand="clip" (Key: ch6)
🔍 [Rider] Ch 7 Extracted: Name="OH1" Mic="R0deM5" Stand="tall" (Key: ch7)
🔍 [Rider] Ch 8 Extracted: Name="OH2" Mic="R0deM5" Stand="tall" (Key: ch8)
🔍 [Rider] Ch 9 Extracted: Name="Bass" Mic="jack" Stand="" (Key: ch9)
🔍 [Rider] Ch 10 Extracted: Name="Gat" Mic="SM57" Stand="short" (Key: ch10)
🔍 [Rider] Ch 11 Extracted: Name="Keys 1" Mic="Jack" Stand="" (Key: ch11)
🔍 [Rider] Ch 12 Extracted: Name="Keys 2" Mic="Jack" Stand="" (Key: ch12)
🔍 [Rider] Ch 13 Extracted: Name="Sous" Mic="SM57" Stand="tall" (Key: ch13)
🔍 [Rider] Ch 14 Extracted: Name="Tromb" Mic="SM58" Stand="tall" (Key: ch14)
🔍 [Rider] Ch 15 Extracted: Name="Sax" Mic="SM58" Stand="tall" (Key: ch15)
🔍 [Rider] Ch 16 Extracted: Name="Trump" Mic="SM58" Stand="tall" (Key: ch16)
🔍 [Rider] Ch 17 Extracted: Name="Vox Ed" Mic="SM58" Stand="" (Key: ch17)
🔍 [Rider] Ch 18 Extracted: Name="Vox Nathan" Mic="SM58" Stand="" (Key: ch18)
🔍 [Rider] Ch 19 Extracted: Name="Vox Claire" Mic="SM58" Stand="" (Key: ch19)
🔍 [Rider] Ch 20 Extracted: Name="Vox Alan" Mic="SM58" Stand="" (Key: ch20)
🔍 [Rider] Ch 21 Extracted: Name="Vox Hyram" Mic="SM58" Stand="" (Key: ch21)
🔍 [Rider] Ch 22 Extracted: Name="Cuatro" Mic="Jack " Stand="" (Key: ch22)
🔍 [Rider] Ch 23 Extracted: Name="SPD1" Mic="XLR" Stand="" (Key: ch23)
🔍 [Rider] Ch 24 Extracted: Name="SPD2" Mic="XLR" Stand="" (Key: ch24)
🔍 [Rider] Ch 25 Extracted: Name="ABL Drums" Mic="XLR" Stand="" (Key: ch25)
🔍 [Rider] Ch 26 Extracted: Name="ABL Bass" Mic="XLR" Stand="" (Key: ch26)
🔍 [Rider] Ch 27 Extracted: Name="ABL Keys" Mic="XLR" Stand="" (Key: ch27)
🔍 [Rider] Ch 28 Extracted: Name="ABL Samples" Mic="XLR" Stand="" (Key: ch28)
🔍 [Rider] Ch 29 Extracted: Name="ABL Horns" Mic="XLR" Stand="" (Key: ch29)
🔍 [Rider] Ch 30 Extracted: Name="ABL Vox" Mic="XLR" Stand="" (Key: ch30)
🔍 [Rider] Ch 31 Extracted: Name="ABL FX" Mic="XLR" Stand="" (Key: ch31)
🔍 [Rider] Ch 32 Extracted: Name="Click" Mic="XLR" Stand="" (Key: ch32)
✅ Input List Array built: 32 items
✅ Output List Array built: 16 items
📄 Loading template...
{
  "error": [
    {
      "name": "TemplateError",
      "message": "Unopened tag",
      "stack": "Error: Unopened tag\n    at new XTTemplateError (/Volumes/WORKER/machines/x32-controller/node_modules/docxtemplater/js/errors.js:21:16)\n    at getUnopenedTagException (/Volumes/WORKER/machines/x32-controller/node_modules/docxtemplater/js/errors.js:71:13)\n    at /Volumes/WORKER/machines/x32-controller/node_modules/docxtemplater/js/lexer.js:176:19\n    at Array.reduce (<anonymous>)\n    at getDelimiterErrors (/Volumes/WORKER/machines/x32-controller/node_modules/docxtemplater/js/lexer.js:126:46)\n    at parseDelimiters (/Volumes/WORKER/machines/x32-controller/node_modules/docxtemplater/js/lexer.js:333:29)\n    at Object.parse (/Volumes/WORKER/machines/x32-controller/node_modules/docxtemplater/js/lexer.js:424:28)\n    at XmlTemplater.preparse (/Volumes/WORKER/machines/x32-controller/node_modules/docxtemplater/js/xml-templater.js:124:32)\n    at Docxtemplater.precompileFile (/Volumes/WORKER/machines/x32-controller/node_modules/docxtemplater/js/docxtemplater.js:409:19)\n    at Docxtemplater.compile (/Volumes/WORKER/machines/x32-controller/node_modules/docxtemplater/js/docxtemplater.js:511:16)",
      "properties": {
        "xtag": "}stand",
        "id": "unopened_tag",
        "context": "}stand",
        "offset": 1186,
        "explanation": "The tag beginning with \"}stand\" is unopened",
        "file": "word/document.xml"
      }
    }
  ]
}
🔥 Rider Generation Error: Error: Multi error
    at new XTTemplateError (/Volumes/WORKER/machines/x32-controller/node_modules/docxtemplater/js/errors.js:21:16)
    at throwMultiError (/Volumes/WORKER/machines/x32-controller/node_modules/docxtemplater/js/errors.js:62:13)
    at verifyErrors (/Volumes/WORKER/machines/x32-controller/node_modules/docxtemplater/js/docxtemplater.js:210:5)
    at Docxtemplater.compile (/Volumes/WORKER/machines/x32-controller/node_modules/docxtemplater/js/docxtemplater.js:534:7)
    at new Docxtemplater (/Volumes/WORKER/machines/x32-controller/node_modules/docxtemplater/js/docxtemplater.js:250:12)
    at /Volumes/WORKER/machines/x32-controller/index.js:545:21
    at Layer.handleRequest (/Volumes/WORKER/machines/x32-controller/node_modules/router/lib/layer.js:152:17)
    at next (/Volumes/WORKER/machines/x32-controller/node_modules/router/lib/route.js:157:13)
    at Route.dispatch (/Volumes/WORKER/machines/x32-controller/node_modules/router/lib/route.js:117:3)
    at handle (/Volumes/WORKER/machines/x32-controller/node_modules/router/index.js:435:11) {
  properties: {
    errors: [ [Error] ],
    id: 'multi_error',
    explanation: 'The template has multiple errors'
  }
}
Templating Error: Error: Unopened tag
    at new XTTemplateError (/Volumes/WORKER/machines/x32-controller/node_modules/docxtemplater/js/errors.js:21:16)
    at getUnopenedTagException (/Volumes/WORKER/machines/x32-controller/node_modules/docxtemplater/js/errors.js:71:13)
    at /Volumes/WORKER/machines/x32-controller/node_modules/docxtemplater/js/lexer.js:176:19
    at Array.reduce (<anonymous>)
    at getDelimiterErrors (/Volumes/WORKER/machines/x32-controller/node_modules/docxtemplater/js/lexer.js:126:46)
    at parseDelimiters (/Volumes/WORKER/machines/x32-controller/node_modules/docxtemplater/js/lexer.js:333:29)
    at Object.parse (/Volumes/WORKER/machines/x32-controller/node_modules/docxtemplater/js/lexer.js:424:28)
    at XmlTemplater.preparse (/Volumes/WORKER/machines/x32-controller/node_modules/docxtemplater/js/xml-templater.js:124:32)
    at Docxtemplater.precompileFile (/Volumes/WORKER/machines/x32-controller/node_modules/docxtemplater/js/docxtemplater.js:409:19)
    at Docxtemplater.compile (/Volumes/WORKER/machines/x32-controller/node_modules/docxtemplater/js/docxtemplater.js:511:16) {
  properties: {
    xtag: '}stand',
    id: 'unopened_tag',
    context: '}stand',
    offset: 1186,
    lIndex: undefined,
    explanation: 'The tag beginning with "}stand" is unopened',
    file: 'word/document.xml'
  }
}
🔌 Client Disconnected: ComZy0Ob1QLCd6JcAAAJ
⚡ Client Connected: zlLN_RA02prrjRpcAAAL
📤 Sending Full State to zlLN_RA02prrjRpcAAAL (0 chans)
🚀 Received Rider Generation Request
📝 Generating rider for scene: thieves_alley (Stage Plot Present: true)
📂 Paths: 
Template: /Volumes/WORKER/machines/x32-controller/resources/ESB_Tech_Rider.docx
Output: /Volumes/WORKER/machines/x32-controller/sharepoint/Tech_Riders
🔍 [Rider] Ch 1 Extracted: Name="Kick" Mic="E902" Stand="short" (Key: ch1)
🔍 [Rider] Ch 2 Extracted: Name="Snare" Mic="E604" Stand="clip" (Key: ch2)
🔍 [Rider] Ch 3 Extracted: Name="Hat" Mic="Rode M3" Stand="tall" (Key: ch3)
🔍 [Rider] Ch 4 Extracted: Name="Rack Tom 1" Mic="E604" Stand="clip" (Key: ch4)
🔍 [Rider] Ch 5 Extracted: Name="Rack Tom 2" Mic="E604" Stand="clip" (Key: ch5)
🔍 [Rider] Ch 6 Extracted: Name="Floor Tom" Mic="E604" Stand="clip" (Key: ch6)
🔍 [Rider] Ch 7 Extracted: Name="OH1" Mic="R0deM5" Stand="tall" (Key: ch7)
🔍 [Rider] Ch 8 Extracted: Name="OH2" Mic="R0deM5" Stand="tall" (Key: ch8)
🔍 [Rider] Ch 9 Extracted: Name="Bass" Mic="jack" Stand="" (Key: ch9)
🔍 [Rider] Ch 10 Extracted: Name="Gat" Mic="SM57" Stand="short" (Key: ch10)
🔍 [Rider] Ch 11 Extracted: Name="Keys 1" Mic="Jack" Stand="" (Key: ch11)
🔍 [Rider] Ch 12 Extracted: Name="Keys 2" Mic="Jack" Stand="" (Key: ch12)
🔍 [Rider] Ch 13 Extracted: Name="Sous" Mic="SM57" Stand="tall" (Key: ch13)
🔍 [Rider] Ch 14 Extracted: Name="Tromb" Mic="SM58" Stand="tall" (Key: ch14)
🔍 [Rider] Ch 15 Extracted: Name="Sax" Mic="SM58" Stand="tall" (Key: ch15)
🔍 [Rider] Ch 16 Extracted: Name="Trump" Mic="SM58" Stand="tall" (Key: ch16)
🔍 [Rider] Ch 17 Extracted: Name="Vox Ed" Mic="SM58" Stand="" (Key: ch17)
🔍 [Rider] Ch 18 Extracted: Name="Vox Nathan" Mic="SM58" Stand="" (Key: ch18)
🔍 [Rider] Ch 19 Extracted: Name="Vox Claire" Mic="SM58" Stand="" (Key: ch19)
🔍 [Rider] Ch 20 Extracted: Name="Vox Alan" Mic="SM58" Stand="" (Key: ch20)
🔍 [Rider] Ch 21 Extracted: Name="Vox Hyram" Mic="SM58" Stand="" (Key: ch21)
🔍 [Rider] Ch 22 Extracted: Name="Cuatro" Mic="Jack " Stand="" (Key: ch22)
🔍 [Rider] Ch 23 Extracted: Name="SPD1" Mic="XLR" Stand="" (Key: ch23)
🔍 [Rider] Ch 24 Extracted: Name="SPD2" Mic="XLR" Stand="" (Key: ch24)
🔍 [Rider] Ch 25 Extracted: Name="ABL Drums" Mic="XLR" Stand="" (Key: ch25)
🔍 [Rider] Ch 26 Extracted: Name="ABL Bass" Mic="XLR" Stand="" (Key: ch26)
🔍 [Rider] Ch 27 Extracted: Name="ABL Keys" Mic="XLR" Stand="" (Key: ch27)
🔍 [Rider] Ch 28 Extracted: Name="ABL Samples" Mic="XLR" Stand="" (Key: ch28)
🔍 [Rider] Ch 29 Extracted: Name="ABL Horns" Mic="XLR" Stand="" (Key: ch29)
🔍 [Rider] Ch 30 Extracted: Name="ABL Vox" Mic="XLR" Stand="" (Key: ch30)
🔍 [Rider] Ch 31 Extracted: Name="ABL FX" Mic="XLR" Stand="" (Key: ch31)
🔍 [Rider] Ch 32 Extracted: Name="Click" Mic="XLR" Stand="" (Key: ch32)
✅ Input List Array built: 32 items
✅ Output List Array built: 16 items
📄 Loading template...
🖋️ Rendering data...
💾 Writing temp DOCX to /Volumes/WORKER/machines/x32-controller/temp/thieves_alley_Rider.docx
🔄 Generating Rider PDF with command: /Applications/LibreOffice.app/Contents/MacOS/soffice --headless --convert-to pdf --outdir "/Volumes/WORKER/machines/x32-controller/sharepoint/Tech_Riders" "/Volumes/WORKER/machines/x32-controller/temp/thieves_alley_Rider.docx"
✅ PDF Generation Success!
Stdout: convert /Volumes/WORKER/machines/x32-controller/temp/thieves_alley_Rider.docx as a Writer document -> /Volumes/WORKER/machines/x32-controller/sharepoint/Tech_Riders/thieves_alley_Rider.pdf using filter : writer_pdf_Export
Overwriting: /Volumes/WORKER/machines/x32-controller/sharepoint/Tech_Riders/thieves_alley_Rider.pdf

🚀 Received Rider Generation Request
📝 Generating rider for scene: thieves_alley (Stage Plot Present: true)
📂 Paths: 
Template: /Volumes/WORKER/machines/x32-controller/resources/ESB_Tech_Rider.docx
Output: /Volumes/WORKER/machines/x32-controller/sharepoint/Tech_Riders
🔍 [Rider] Ch 1 Extracted: Name="Kick" Mic="E902" Stand="short" (Key: ch1)
🔍 [Rider] Ch 2 Extracted: Name="Snare" Mic="E604" Stand="clip" (Key: ch2)
🔍 [Rider] Ch 3 Extracted: Name="Hat" Mic="Rode M3" Stand="tall" (Key: ch3)
🔍 [Rider] Ch 4 Extracted: Name="Rack Tom 1" Mic="E604" Stand="clip" (Key: ch4)
🔍 [Rider] Ch 5 Extracted: Name="Rack Tom 2" Mic="E604" Stand="clip" (Key: ch5)
🔍 [Rider] Ch 6 Extracted: Name="Floor Tom" Mic="E604" Stand="clip" (Key: ch6)
🔍 [Rider] Ch 7 Extracted: Name="OH1" Mic="R0deM5" Stand="tall" (Key: ch7)
🔍 [Rider] Ch 8 Extracted: Name="OH2" Mic="R0deM5" Stand="tall" (Key: ch8)
🔍 [Rider] Ch 9 Extracted: Name="Bass" Mic="jack" Stand="" (Key: ch9)
🔍 [Rider] Ch 10 Extracted: Name="Gat" Mic="SM57" Stand="short" (Key: ch10)
🔍 [Rider] Ch 11 Extracted: Name="Keys 1" Mic="Jack" Stand="" (Key: ch11)
🔍 [Rider] Ch 12 Extracted: Name="Keys 2" Mic="Jack" Stand="" (Key: ch12)
🔍 [Rider] Ch 13 Extracted: Name="Sous" Mic="SM57" Stand="tall" (Key: ch13)
🔍 [Rider] Ch 14 Extracted: Name="Tromb" Mic="SM58" Stand="tall" (Key: ch14)
🔍 [Rider] Ch 15 Extracted: Name="Sax" Mic="SM58" Stand="tall" (Key: ch15)
🔍 [Rider] Ch 16 Extracted: Name="Trump" Mic="SM58" Stand="tall" (Key: ch16)
🔍 [Rider] Ch 17 Extracted: Name="Vox Ed" Mic="SM58" Stand="" (Key: ch17)
🔍 [Rider] Ch 18 Extracted: Name="Vox Nathan" Mic="SM58" Stand="" (Key: ch18)
🔍 [Rider] Ch 19 Extracted: Name="Vox Claire" Mic="SM58" Stand="" (Key: ch19)
🔍 [Rider] Ch 20 Extracted: Name="Vox Alan" Mic="SM58" Stand="" (Key: ch20)
🔍 [Rider] Ch 21 Extracted: Name="Vox Hyram" Mic="SM58" Stand="" (Key: ch21)
🔍 [Rider] Ch 22 Extracted: Name="Cuatro" Mic="Jack " Stand="" (Key: ch22)
🔍 [Rider] Ch 23 Extracted: Name="SPD1" Mic="XLR" Stand="" (Key: ch23)
🔍 [Rider] Ch 24 Extracted: Name="SPD2" Mic="XLR" Stand="" (Key: ch24)
🔍 [Rider] Ch 25 Extracted: Name="ABL Drums" Mic="XLR" Stand="" (Key: ch25)
🔍 [Rider] Ch 26 Extracted: Name="ABL Bass" Mic="XLR" Stand="" (Key: ch26)
🔍 [Rider] Ch 27 Extracted: Name="ABL Keys" Mic="XLR" Stand="" (Key: ch27)
🔍 [Rider] Ch 28 Extracted: Name="ABL Samples" Mic="XLR" Stand="" (Key: ch28)
🔍 [Rider] Ch 29 Extracted: Name="ABL Horns" Mic="XLR" Stand="" (Key: ch29)
🔍 [Rider] Ch 30 Extracted: Name="ABL Vox" Mic="XLR" Stand="" (Key: ch30)
🔍 [Rider] Ch 31 Extracted: Name="ABL FX" Mic="XLR" Stand="" (Key: ch31)
🔍 [Rider] Ch 32 Extracted: Name="Click" Mic="XLR" Stand="" (Key: ch32)
✅ Input List Array built: 32 items
✅ Output List Array built: 16 items
📄 Loading template...
🖋️ Rendering data...
💾 Writing temp DOCX to /Volumes/WORKER/machines/x32-controller/temp/thieves_alley_Rider.docx
🔄 Generating Rider PDF with command: /Applications/LibreOffice.app/Contents/MacOS/soffice --headless --convert-to pdf --outdir "/Volumes/WORKER/machines/x32-controller/sharepoint/Tech_Riders" "/Volumes/WORKER/machines/x32-controller/temp/thieves_alley_Rider.docx"
✅ PDF Generation Success!
Stdout: convert /Volumes/WORKER/machines/x32-controller/temp/thieves_alley_Rider.docx as a Writer document -> /Volumes/WORKER/machines/x32-controller/sharepoint/Tech_Riders/thieves_alley_Rider.pdf using filter : writer_pdf_Export
Overwriting: /Volumes/WORKER/machines/x32-controller/sharepoint/Tech_Riders/thieves_alley_Rider.pdf

🚀 Received Rider Generation Request
📝 Generating rider for scene: thieves_alley (Stage Plot Present: true)
📂 Paths: 
Template: /Volumes/WORKER/machines/x32-controller/resources/ESB_Tech_Rider.docx
Output: /Volumes/WORKER/machines/x32-controller/sharepoint/Tech_Riders
🔍 [Rider] Ch 1 Extracted: Name="Kick" Mic="E902" Stand="short" (Key: ch1)
🔍 [Rider] Ch 2 Extracted: Name="Snare" Mic="E604" Stand="clip" (Key: ch2)
🔍 [Rider] Ch 3 Extracted: Name="Hat" Mic="Rode M3" Stand="tall" (Key: ch3)
🔍 [Rider] Ch 4 Extracted: Name="Rack Tom 1" Mic="E604" Stand="clip" (Key: ch4)
🔍 [Rider] Ch 5 Extracted: Name="Rack Tom 2" Mic="E604" Stand="clip" (Key: ch5)
🔍 [Rider] Ch 6 Extracted: Name="Floor Tom" Mic="E604" Stand="clip" (Key: ch6)
🔍 [Rider] Ch 7 Extracted: Name="OH1" Mic="R0deM5" Stand="tall" (Key: ch7)
🔍 [Rider] Ch 8 Extracted: Name="OH2" Mic="R0deM5" Stand="tall" (Key: ch8)
🔍 [Rider] Ch 9 Extracted: Name="Bass" Mic="jack" Stand="" (Key: ch9)
🔍 [Rider] Ch 10 Extracted: Name="Gat" Mic="SM57" Stand="short" (Key: ch10)
🔍 [Rider] Ch 11 Extracted: Name="Keys 1" Mic="Jack" Stand="" (Key: ch11)
🔍 [Rider] Ch 12 Extracted: Name="Keys 2" Mic="Jack" Stand="" (Key: ch12)
🔍 [Rider] Ch 13 Extracted: Name="Sous" Mic="SM57" Stand="tall" (Key: ch13)
🔍 [Rider] Ch 14 Extracted: Name="Tromb" Mic="SM58" Stand="tall" (Key: ch14)
🔍 [Rider] Ch 15 Extracted: Name="Sax" Mic="SM58" Stand="tall" (Key: ch15)
🔍 [Rider] Ch 16 Extracted: Name="Trump" Mic="SM58" Stand="tall" (Key: ch16)
🔍 [Rider] Ch 17 Extracted: Name="Vox Ed" Mic="SM58" Stand="" (Key: ch17)
🔍 [Rider] Ch 18 Extracted: Name="Vox Nathan" Mic="SM58" Stand="" (Key: ch18)
🔍 [Rider] Ch 19 Extracted: Name="Vox Claire" Mic="SM58" Stand="" (Key: ch19)
🔍 [Rider] Ch 20 Extracted: Name="Vox Alan" Mic="SM58" Stand="" (Key: ch20)
🔍 [Rider] Ch 21 Extracted: Name="Vox Hyram" Mic="SM58" Stand="" (Key: ch21)
🔍 [Rider] Ch 22 Extracted: Name="Cuatro" Mic="Jack " Stand="" (Key: ch22)
🔍 [Rider] Ch 23 Extracted: Name="SPD1" Mic="XLR" Stand="" (Key: ch23)
🔍 [Rider] Ch 24 Extracted: Name="SPD2" Mic="XLR" Stand="" (Key: ch24)
🔍 [Rider] Ch 25 Extracted: Name="ABL Drums" Mic="XLR" Stand="" (Key: ch25)
🔍 [Rider] Ch 26 Extracted: Name="ABL Bass" Mic="XLR" Stand="" (Key: ch26)
🔍 [Rider] Ch 27 Extracted: Name="ABL Keys" Mic="XLR" Stand="" (Key: ch27)
🔍 [Rider] Ch 28 Extracted: Name="ABL Samples" Mic="XLR" Stand="" (Key: ch28)
🔍 [Rider] Ch 29 Extracted: Name="ABL Horns" Mic="XLR" Stand="" (Key: ch29)
🔍 [Rider] Ch 30 Extracted: Name="ABL Vox" Mic="XLR" Stand="" (Key: ch30)
🔍 [Rider] Ch 31 Extracted: Name="ABL FX" Mic="XLR" Stand="" (Key: ch31)
🔍 [Rider] Ch 32 Extracted: Name="Click" Mic="XLR" Stand="" (Key: ch32)
✅ Input List Array built: 32 items
✅ Output List Array built: 16 items
📄 Loading template...
🖋️ Rendering data...
💾 Writing temp DOCX to /Volumes/WORKER/machines/x32-controller/temp/thieves_alley_Rider.docx
🔄 Generating Rider PDF with command: /Applications/LibreOffice.app/Contents/MacOS/soffice --headless --convert-to pdf --outdir "/Volumes/WORKER/machines/x32-controller/sharepoint/Tech_Riders" "/Volumes/WORKER/machines/x32-controller/temp/thieves_alley_Rider.docx"
✅ PDF Generation Success!
Stdout: convert /Volumes/WORKER/machines/x32-controller/temp/thieves_alley_Rider.docx as a Writer document -> /Volumes/WORKER/machines/x32-controller/sharepoint/Tech_Riders/thieves_alley_Rider.pdf using filter : writer_pdf_Export
Overwriting: /Volumes/WORKER/machines/x32-controller/sharepoint/Tech_Riders/thieves_alley_Rider.pdf

💾 Saving Scene: "thieves_alley" (With Metadata)
