📄 Setlists Loaded
🛡️  Performing Startup Backup to: /Volumes/WORKER/machines/x32-controller/backups/boot_2026-01-19T04-29-05-690Z
🧹 Cleaning old backup: boot_2026-01-18T10-00-35-149Z
🔒 HTTPS Enabled
📂 State Loaded from Disk
🔌 Connecting to X32 at 10.0.0.202:10023...
🎹 All MIDI Inputs: [ 'IAC Driver Bus 1', 'IAC Driver Bus 2' ]
🎹 Connecting MIDI Input to: "IAC Driver Bus 1"
🎹 Available MIDI Outputs: [ 'IAC Driver Bus 1', 'IAC Driver Bus 2' ]
✅ MIDI Output connected to: "IAC Driver Bus 1"
--- SERVER RESTART DEBUG ---
💡 DMX Lighting Engine Initialized (Silent Mode)
🎹 MIDI Input connected to: "IAC Driver Bus 1"
[dotenv@17.2.3] injecting env (3) from .env -- tip: ⚙️  override existing env vars with { override: true }
✅ OSC Port Open
🌟 Controller v2.15.1 running at https://localhost:3000
⚡ Client Connected: SWpVeB3ZcTwB4tFDAAAB
📤 Sending Full State to SWpVeB3ZcTwB4tFDAAAB (0 chans)
📥 Fetching Bus Configs & Safes...
📡 ANY OSC: /bus/01/config/name [Vox Ed]
📡 ANY OSC: /bus/01/config/color [4]
📡 ANY OSC: /bus/01/mix/fader [0.7272727489471436]
📡 ANY OSC: /bus/01/mix/on [0]
📡 ANY OSC: /bus/02/config/name [Vox Nathan]
📡 ANY OSC: /bus/02/config/color [4]
📡 ANY OSC: /bus/02/mix/fader [0.7546432018280029]
📡 ANY OSC: /bus/02/mix/on [0]
📡 ANY OSC: /bus/03/config/name [Vox Claire]
📡 ANY OSC: /bus/03/config/color [4]
📡 ANY OSC: /bus/03/mix/fader [0.759530782699585]
📡 ANY OSC: /bus/03/mix/on [0]
📡 ANY OSC: /bus/04/config/name [Vox Alan]
📡 ANY OSC: /bus/04/config/color [4]
📡 ANY OSC: /bus/04/mix/fader [0.7653958797454834]
📡 ANY OSC: /bus/04/mix/on [0]
📡 ANY OSC: /bus/05/config/name [Vox Hyram]
📡 ANY OSC: /bus/05/config/color [4]
📡 ANY OSC: /bus/05/mix/fader [0.7653958797454834]
📡 ANY OSC: /bus/05/mix/on [0]
📡 ANY OSC: /bus/06/config/name [Vox Davina]
📡 ANY OSC: /bus/06/config/color [4]
📡 ANY OSC: /bus/06/mix/fader [0.7751710414886475]
📡 ANY OSC: /bus/06/mix/on [0]
📡 ANY OSC: /bus/07/config/name [Drums]
📡 ANY OSC: /bus/07/config/color [6]
📡 ANY OSC: /bus/07/mix/fader [0.7546432018280029]
📡 ANY OSC: /bus/07/mix/on [0]
📡 ANY OSC: /bus/08/config/name [Bass]
📡 ANY OSC: /bus/08/config/color [5]
📡 ANY OSC: /bus/08/mix/fader [0.759530782699585]
📡 ANY OSC: /bus/08/mix/on [0]
📡 ANY OSC: /bus/09/config/name [Keys]
📡 ANY OSC: /bus/09/config/color [3]
📡 ANY OSC: /bus/09/mix/fader [0.759530782699585]
📡 ANY OSC: /bus/09/mix/on [0]
📡 ANY OSC: /bus/10/config/name [Gat]
📡 ANY OSC: /bus/10/config/color [1]
📡 ANY OSC: /bus/10/mix/fader [0.7546432018280029]
📡 ANY OSC: /bus/10/mix/on [0]
📡 ANY OSC: /bus/11/config/name [Bus 11]
📡 ANY OSC: /bus/11/config/color [3]
📤 Sending Full State to SWpVeB3ZcTwB4tFDAAAB (0 chans)
🔌 Client Disconnected: SWpVeB3ZcTwB4tFDAAAB
⚡ Client Connected: Z9UeprXd0R_h0UTtAAAD
📤 Sending Full State to Z9UeprXd0R_h0UTtAAAD (0 chans)
💾 Saving Scene: "thieves_alley" (With Metadata)
