📄 Setlists Loaded
🛡️  Performing Startup Backup to: /Volumes/WORKER/machines/x32-controller/backups/boot_2026-01-19T06-49-41-108Z
🧹 Cleaning old backup: boot_2026-01-19T02-50-44-876Z
🔒 HTTPS Enabled
📂 State Loaded from Disk
🔌 Connecting to X32 at 10.0.0.202:10023...
🎹 All MIDI Inputs: [ 'IAC Driver Bus 1', 'IAC Driver Bus 2' ]
🎹 Connecting MIDI Input to: "IAC Driver Bus 1"
🎹 Available MIDI Outputs: [ 'IAC Driver Bus 1', 'IAC Driver Bus 2' ]
✅ MIDI Output connected to: "IAC Driver Bus 1"
--- SERVER RESTART DEBUG ---
💡 DMX Lighting Engine Initialized (Silent Mode)
🎹 MIDI Input connected to: "IAC Driver Bus 1"
[dotenv@17.2.3] injecting env (3) from .env -- tip: 👥 sync secrets across teammates & machines: https://dotenvx.com/ops
✅ OSC Port Open
🌟 Controller v2.15.1 running at https://localhost:3000
⚡ Client Connected: NOVPJZrKswXdrSRFAAAB
📤 Sending Full State to NOVPJZrKswXdrSRFAAAB (0 chans)
📥 Fetching Bus Configs & Safes...
🔌 Client Disconnected: NOVPJZrKswXdrSRFAAAB
⚡ Client Connected: DBtn5Qxknma9zxV3AAAD
📤 Sending Full State to DBtn5Qxknma9zxV3AAAD (0 chans)
🔌 Client Disconnected: DBtn5Qxknma9zxV3AAAD
⚡ Client Connected: flQwfoM9ZltWZ0EtAAAF
📤 Sending Full State to flQwfoM9ZltWZ0EtAAAF (0 chans)
🔌 Client Disconnected: flQwfoM9ZltWZ0EtAAAF
⚡ Client Connected: xi-vNjpWzIIfqr9OAAAH
📤 Sending Full State to xi-vNjpWzIIfqr9OAAAH (0 chans)
🔌 Client Disconnected: xi-vNjpWzIIfqr9OAAAH
⚡ Client Connected: SBJyli35tnyLnaB7AAAJ
📤 Sending Full State to SBJyli35tnyLnaB7AAAJ (0 chans)
🔌 Client Disconnected: SBJyli35tnyLnaB7AAAJ
⚡ Client Connected: J1L3kVEZeznMV2_IAAAL
📤 Sending Full State to J1L3kVEZeznMV2_IAAAL (0 chans)
