📄 Setlists Loaded
🛡️  Performing Startup Backup to: /Volumes/WORKER/machines/x32-controller/backups/boot_2026-01-18T19-38-29-460Z
🧹 Cleaning old backup: boot_2026-01-18T06-28-24-161Z
🔒 HTTPS Enabled
📂 State Loaded from Disk
🔌 Connecting to X32 at 10.0.0.202:10023...
🎹 All MIDI Inputs: [ 'IAC Driver Bus 1', 'IAC Driver Bus 2' ]
🎹 Connecting MIDI Input to: "IAC Driver Bus 1"
🎹 Available MIDI Outputs: [ 'IAC Driver Bus 1', 'IAC Driver Bus 2' ]
✅ MIDI Output connected to: "IAC Driver Bus 1"
--- SERVER RESTART DEBUG ---
💡 DMX Lighting Engine Initialized (Silent Mode)
🎹 MIDI Input connected to: "IAC Driver Bus 1"
[dotenv@17.2.3] injecting env (3) from .env -- tip: 🔐 prevent committing .env to code: https://dotenvx.com/precommit
✅ OSC Port Open
🌟 Controller v2.15.1 running at https://localhost:3000
⚡ Client Connected: ONoQ9mMPWzJ8nVddAAAB
📤 Sending Full State to ONoQ9mMPWzJ8nVddAAAB (0 chans)
📥 Fetching Bus Configs & Safes...
📡 ANY OSC: /bus/01/config/name [Vox Ed]
📡 ANY OSC: /bus/01/config/color [4]
📡 ANY OSC: /bus/01/mix/fader [0.7272727489471436]
📡 ANY OSC: /bus/01/mix/on [0]
📡 ANY OSC: /bus/02/config/name [Vox Nathan]
📡 ANY OSC: /bus/02/config/color [4]
📡 ANY OSC: /bus/02/mix/fader [0.7546432018280029]
📡 ANY OSC: /bus/02/mix/on [0]
📡 ANY OSC: /bus/03/config/name [Vox Claire]
📡 ANY OSC: /bus/03/config/color [4]
📡 ANY OSC: /bus/03/mix/fader [0.759530782699585]
📡 ANY OSC: /bus/03/mix/on [0]
📡 ANY OSC: /bus/04/config/name [Vox Alan]
📡 ANY OSC: /bus/04/config/color [4]
📡 ANY OSC: /bus/04/mix/fader [0.7653958797454834]
📡 ANY OSC: /bus/04/mix/on [0]
📡 ANY OSC: /bus/05/config/name [Vox Hyram]
📡 ANY OSC: /bus/05/config/color [4]
📡 ANY OSC: /bus/05/mix/fader [0.7653958797454834]
📡 ANY OSC: /bus/05/mix/on [0]
📡 ANY OSC: /bus/06/config/name [Vox Davina]
📡 ANY OSC: /bus/06/config/color [4]
📡 ANY OSC: /bus/06/mix/fader [0.7751710414886475]
📡 ANY OSC: /bus/06/mix/on [0]
📡 ANY OSC: /bus/07/config/name [Drums]
📡 ANY OSC: /bus/07/config/color [6]
📡 ANY OSC: /bus/07/mix/fader [0.7546432018280029]
⚡ Client Connected: EH56dvxX3acwWTf4AAAD
📤 Sending Full State to EH56dvxX3acwWTf4AAAD (0 chans)
⚡ Client Connected: IhUKWExOz35mrqXNAAAF
📤 Sending Full State to IhUKWExOz35mrqXNAAAF (0 chans)
🔌 Client Disconnected: IhUKWExOz35mrqXNAAAF
🔌 Client Disconnected: EH56dvxX3acwWTf4AAAD
⚡ Client Connected: r6YofYgfj8OKav86AAAH
📂 SharePoint List: folder=01RI4564YCB74UVRSNKBBIJ56PUFUF5IV6 drive= site=
   -> Query: /me/drive/items/01RI4564YCB74UVRSNKBBIJ56PUFUF5IV6/children
📤 Sending Full State to r6YofYgfj8OKav86AAAH (0 chans)
⚡ Client Connected: hqCJZck2THmgL9NsAAAJ
📤 Sending Full State to hqCJZck2THmgL9NsAAAJ (0 chans)
Graph Item 0: {
  "@odata.etag": "\"{39796C04-DD2A-452E-855F-372EF988E8CF},2\"",
  "id": "01RI4564YENR4TSKW5FZCYKXZXF34YR2GP",
  "name": "2024_05_25_Brighton Club",
  "webUrl": "https://loboski-my.sharepoint.com/personal/ed_loboski_nz/Documents/Loboski%20Farm/Ed%20and%20the%20Shadow%20Boys/gigs/2024_05_25_Brighton%20Club",
  "folder": {
    "childCount": 3
  },
  "size": 400758743
}
📂 SharePoint List: folder=01RI4564YCB74UVRSNKBBIJ56PUFUF5IV6 drive= site=
   -> Query: /me/drive/items/01RI4564YCB74UVRSNKBBIJ56PUFUF5IV6/children
Graph Item 0: {
  "@odata.etag": "\"{39796C04-DD2A-452E-855F-372EF988E8CF},2\"",
  "id": "01RI4564YENR4TSKW5FZCYKXZXF34YR2GP",
  "name": "2024_05_25_Brighton Club",
  "webUrl": "https://loboski-my.sharepoint.com/personal/ed_loboski_nz/Documents/Loboski%20Farm/Ed%20and%20the%20Shadow%20Boys/gigs/2024_05_25_Brighton%20Club",
  "folder": {
    "childCount": 3
  },
  "size": 400758743
}
📤 Sending Full State to r6YofYgfj8OKav86AAAH (0 chans)
📤 Sending Full State to hqCJZck2THmgL9NsAAAJ (0 chans)
🔌 Client Disconnected: hqCJZck2THmgL9NsAAAJ
